// Vitest Snapshot v1, https://vitest.dev/guide/snapshot.html

exports[`renders correctly 1`] = `
{
  "asFragment": [Function],
  "baseElement": <body>
    <div>
      <main
        class=""
      >
        <h1
          class="page-title"
        >
          Name Two Actors/Actresses Who Starred in...
        </h1>
        <hr />
        <main
          class="input-section"
        >
          <section
            class="form-section"
          >
            <label
              for="actorActressOne"
            >
              Actor/Actress One:
            </label>
            <input
              id="actorActressOne"
              type="text"
            />
            <label
              for="actorActressTwo"
            >
              Actor/Actress Two:
            </label>
            <input
              id="actorActressOne"
              type="text"
            />
          </section>
          <button
            class="submit-button"
            type="submit"
          >
            Find Film(s)
          </button>
        </main>
        <main
          class="results-main"
        />
      </main>
    </div>
  </body>,
  "container": <div>
    <main
      class=""
    >
      <h1
        class="page-title"
      >
        Name Two Actors/Actresses Who Starred in...
      </h1>
      <hr />
      <main
        class="input-section"
      >
        <section
          class="form-section"
        >
          <label
            for="actorActressOne"
          >
            Actor/Actress One:
          </label>
          <input
            id="actorActressOne"
            type="text"
          />
          <label
            for="actorActressTwo"
          >
            Actor/Actress Two:
          </label>
          <input
            id="actorActressOne"
            type="text"
          />
        </section>
        <button
          class="submit-button"
          type="submit"
        >
          Find Film(s)
        </button>
      </main>
      <main
        class="results-main"
      />
    </main>
  </div>,
  "debug": [Function],
  "findAllByAltText": [Function],
  "findAllByDisplayValue": [Function],
  "findAllByLabelText": [Function],
  "findAllByPlaceholderText": [Function],
  "findAllByRole": [Function],
  "findAllByTestId": [Function],
  "findAllByText": [Function],
  "findAllByTitle": [Function],
  "findByAltText": [Function],
  "findByDisplayValue": [Function],
  "findByLabelText": [Function],
  "findByPlaceholderText": [Function],
  "findByRole": [Function],
  "findByTestId": [Function],
  "findByText": [Function],
  "findByTitle": [Function],
  "getAllByAltText": [Function],
  "getAllByDisplayValue": [Function],
  "getAllByLabelText": [Function],
  "getAllByPlaceholderText": [Function],
  "getAllByRole": [Function],
  "getAllByTestId": [Function],
  "getAllByText": [Function],
  "getAllByTitle": [Function],
  "getByAltText": [Function],
  "getByDisplayValue": [Function],
  "getByLabelText": [Function],
  "getByPlaceholderText": [Function],
  "getByRole": [Function],
  "getByTestId": [Function],
  "getByText": [Function],
  "getByTitle": [Function],
  "queryAllByAltText": [Function],
  "queryAllByDisplayValue": [Function],
  "queryAllByLabelText": [Function],
  "queryAllByPlaceholderText": [Function],
  "queryAllByRole": [Function],
  "queryAllByTestId": [Function],
  "queryAllByText": [Function],
  "queryAllByTitle": [Function],
  "queryByAltText": [Function],
  "queryByDisplayValue": [Function],
  "queryByLabelText": [Function],
  "queryByPlaceholderText": [Function],
  "queryByRole": [Function],
  "queryByTestId": [Function],
  "queryByText": [Function],
  "queryByTitle": [Function],
  "rerender": [Function],
  "unmount": [Function],
}
`;
